🔍 БЫСТРАЯ ПРОВЕРКА БОТА
==================================================

1️⃣ Проверка синтаксиса main.py...
   ✅ Синтаксис правильный

2️⃣ Проверка основных импортов...
   ✅ Telethon импортируется

3️⃣ Проверка ключевых функций...
   ✅ account_worker
   ❌ worker_client создание НЕ НАЙДЕН
   ✅ smart delays
   ✅ parallel workers
   ❌ profile commands НЕ НАЙДЕН

4️⃣ Проверка отступов в account_worker...
   while loop на строке 4694, отступ: 8 пробелов
   ✅ Код внутри while правильно отступлен (12 > 8)

==================================================
✅ БАЗОВАЯ ПРОВЕРКА ЗАВЕРШЕНА

Для полного теста запусти бота и отправь /start
